--------------------------------------------------------------------------------
Release 13.4 Trace  (lin64)
Copyright (c) 1995-2011 Xilinx, Inc.  All rights reserved.

/usr/local/insa/Xilinx.ISE/13.4/ISE_DS/ISE/bin/lin64/unwrapped/trce -intstyle
ise -v 3 -s 3 -n 3 -fastpaths -xml ALU.twx ALU.ncd -o ALU.twr ALU.pcf

Design file:              ALU.ncd
Physical constraint file: ALU.pcf
Device,package,speed:     xc6slx16,csg324,C,-3 (PRODUCTION 1.21 2012-01-07)
Report level:             verbose report

Environment Variable      Effect 
--------------------      ------ 
NONE                      No environment variables were set
--------------------------------------------------------------------------------

INFO:Timing:2698 - No timing constraints found, doing default enumeration.
INFO:Timing:3412 - To improve timing, see the Timing Closure User Guide (UG612).
INFO:Timing:2752 - To get complete path coverage, use the unconstrained paths 
   option. All paths that are not constrained will be reported in the 
   unconstrained paths section(s) of the report.
INFO:Timing:3339 - The clock-to-out numbers in this timing report are based on 
   a 50 Ohm transmission line loading model.  For the details of this model, 
   and for more information on accounting for different loading conditions, 
   please see the device datasheet.



Data Sheet report:
-----------------
All values displayed in nanoseconds (ns)

Setup/Hold to clock OP<0>
------------+------------+------------+------------+------------+-----------------------+--------+
            |Max Setup to|  Process   |Max Hold to |  Process   |                       | Clock  |
Source      | clk (edge) |   Corner   | clk (edge) |   Corner   |Internal Clock(s)      | Phase  |
------------+------------+------------+------------+------------+-----------------------+--------+
A<0>        |    0.901(F)|      SLOW  |    1.553(F)|      SLOW  |GND_5_o_GND_5_o_OR_44_o|   0.000|
            |    5.433(F)|      SLOW  |   -1.837(F)|      FAST  |GND_5_o_GND_5_o_OR_45_o|   0.000|
A<1>        |    0.632(F)|      SLOW  |    1.467(F)|      SLOW  |GND_5_o_GND_5_o_OR_44_o|   0.000|
            |    5.433(F)|      SLOW  |   -1.836(F)|      FAST  |GND_5_o_GND_5_o_OR_45_o|   0.000|
A<2>        |    0.903(F)|      SLOW  |    1.810(F)|      SLOW  |GND_5_o_GND_5_o_OR_44_o|   0.000|
            |    5.442(F)|      SLOW  |   -1.802(F)|      FAST  |GND_5_o_GND_5_o_OR_45_o|   0.000|
A<3>        |    0.474(F)|      SLOW  |    1.542(F)|      SLOW  |GND_5_o_GND_5_o_OR_44_o|   0.000|
            |    5.316(F)|      SLOW  |   -1.739(F)|      FAST  |GND_5_o_GND_5_o_OR_45_o|   0.000|
A<4>        |    0.682(F)|      SLOW  |    1.349(F)|      SLOW  |GND_5_o_GND_5_o_OR_44_o|   0.000|
            |    5.444(F)|      SLOW  |   -1.858(F)|      FAST  |GND_5_o_GND_5_o_OR_45_o|   0.000|
A<5>        |    0.878(F)|      SLOW  |    1.272(F)|      SLOW  |GND_5_o_GND_5_o_OR_44_o|   0.000|
            |    5.383(F)|      SLOW  |   -1.798(F)|      FAST  |GND_5_o_GND_5_o_OR_45_o|   0.000|
A<6>        |    0.605(F)|      SLOW  |    1.319(F)|      SLOW  |GND_5_o_GND_5_o_OR_44_o|   0.000|
            |    5.349(F)|      SLOW  |   -1.771(F)|      FAST  |GND_5_o_GND_5_o_OR_45_o|   0.000|
A<7>        |    0.230(F)|      SLOW  |    1.749(F)|      SLOW  |GND_5_o_GND_5_o_OR_44_o|   0.000|
            |    5.267(F)|      SLOW  |   -1.707(F)|      FAST  |GND_5_o_GND_5_o_OR_45_o|   0.000|
A<8>        |    0.592(F)|      SLOW  |    1.152(F)|      SLOW  |GND_5_o_GND_5_o_OR_44_o|   0.000|
            |    5.258(F)|      SLOW  |   -1.697(F)|      FAST  |GND_5_o_GND_5_o_OR_45_o|   0.000|
A<9>        |    0.395(F)|      SLOW  |    1.500(F)|      SLOW  |GND_5_o_GND_5_o_OR_44_o|   0.000|
            |    5.142(F)|      SLOW  |   -1.623(F)|      FAST  |GND_5_o_GND_5_o_OR_45_o|   0.000|
A<10>       |    0.459(F)|      SLOW  |    1.461(F)|      SLOW  |GND_5_o_GND_5_o_OR_44_o|   0.000|
            |    5.219(F)|      SLOW  |   -1.735(F)|      FAST  |GND_5_o_GND_5_o_OR_45_o|   0.000|
A<11>       |    0.509(F)|      SLOW  |    1.124(F)|      SLOW  |GND_5_o_GND_5_o_OR_44_o|   0.000|
            |    5.454(F)|      SLOW  |   -1.857(F)|      FAST  |GND_5_o_GND_5_o_OR_45_o|   0.000|
A<12>       |    0.614(F)|      SLOW  |    1.126(F)|      SLOW  |GND_5_o_GND_5_o_OR_44_o|   0.000|
            |    5.205(F)|      SLOW  |   -1.688(F)|      FAST  |GND_5_o_GND_5_o_OR_45_o|   0.000|
A<13>       |    0.506(F)|      SLOW  |    0.981(F)|      SLOW  |GND_5_o_GND_5_o_OR_44_o|   0.000|
            |    5.301(F)|      SLOW  |   -1.793(F)|      FAST  |GND_5_o_GND_5_o_OR_45_o|   0.000|
A<14>       |    0.713(F)|      SLOW  |    1.567(F)|      SLOW  |GND_5_o_GND_5_o_OR_44_o|   0.000|
            |    5.320(F)|      SLOW  |   -1.765(F)|      FAST  |GND_5_o_GND_5_o_OR_45_o|   0.000|
A<15>       |    0.749(F)|      SLOW  |    1.257(F)|      SLOW  |GND_5_o_GND_5_o_OR_44_o|   0.000|
            |    5.274(F)|      SLOW  |   -1.738(F)|      FAST  |GND_5_o_GND_5_o_OR_45_o|   0.000|
B<0>        |    0.290(F)|      SLOW  |    1.813(F)|      SLOW  |GND_5_o_GND_5_o_OR_44_o|   0.000|
            |    4.732(F)|      SLOW  |   -1.513(F)|      FAST  |GND_5_o_GND_5_o_OR_45_o|   0.000|
B<1>        |    0.343(F)|      SLOW  |    2.032(F)|      SLOW  |GND_5_o_GND_5_o_OR_44_o|   0.000|
            |    4.691(F)|      SLOW  |   -1.494(F)|      FAST  |GND_5_o_GND_5_o_OR_45_o|   0.000|
B<2>        |    0.885(F)|      SLOW  |    1.879(F)|      SLOW  |GND_5_o_GND_5_o_OR_44_o|   0.000|
            |    4.887(F)|      SLOW  |   -1.640(F)|      FAST  |GND_5_o_GND_5_o_OR_45_o|   0.000|
B<3>        |    0.574(F)|      SLOW  |    1.962(F)|      SLOW  |GND_5_o_GND_5_o_OR_44_o|   0.000|
            |    4.811(F)|      SLOW  |   -1.573(F)|      FAST  |GND_5_o_GND_5_o_OR_45_o|   0.000|
B<4>        |    1.049(F)|      SLOW  |    1.632(F)|      SLOW  |GND_5_o_GND_5_o_OR_44_o|   0.000|
            |    4.625(F)|      SLOW  |   -1.450(F)|      FAST  |GND_5_o_GND_5_o_OR_45_o|   0.000|
B<5>        |    0.384(F)|      SLOW  |    1.749(F)|      SLOW  |GND_5_o_GND_5_o_OR_44_o|   0.000|
            |    4.609(F)|      SLOW  |   -1.419(F)|      FAST  |GND_5_o_GND_5_o_OR_45_o|   0.000|
B<6>        |    1.153(F)|      SLOW  |    1.572(F)|      SLOW  |GND_5_o_GND_5_o_OR_44_o|   0.000|
            |    5.226(F)|      SLOW  |   -1.890(F)|      FAST  |GND_5_o_GND_5_o_OR_45_o|   0.000|
B<7>        |    0.918(F)|      SLOW  |    1.384(F)|      SLOW  |GND_5_o_GND_5_o_OR_44_o|   0.000|
            |    5.012(F)|      SLOW  |   -1.755(F)|      FAST  |GND_5_o_GND_5_o_OR_45_o|   0.000|
B<8>        |    0.861(F)|      SLOW  |    1.208(F)|      SLOW  |GND_5_o_GND_5_o_OR_44_o|   0.000|
            |    5.095(F)|      SLOW  |   -1.798(F)|      FAST  |GND_5_o_GND_5_o_OR_45_o|   0.000|
B<9>        |    1.443(F)|      SLOW  |    0.939(F)|      SLOW  |GND_5_o_GND_5_o_OR_44_o|   0.000|
            |    4.860(F)|      SLOW  |   -1.612(F)|      FAST  |GND_5_o_GND_5_o_OR_45_o|   0.000|
B<10>       |    1.019(F)|      SLOW  |    0.874(F)|      SLOW  |GND_5_o_GND_5_o_OR_44_o|   0.000|
            |    5.588(F)|      SLOW  |   -2.100(F)|      FAST  |GND_5_o_GND_5_o_OR_45_o|   0.000|
B<11>       |    1.328(F)|      SLOW  |    1.234(F)|      SLOW  |GND_5_o_GND_5_o_OR_44_o|   0.000|
            |    5.368(F)|      SLOW  |   -1.961(F)|      FAST  |GND_5_o_GND_5_o_OR_45_o|   0.000|
B<12>       |    1.261(F)|      SLOW  |    1.066(F)|      SLOW  |GND_5_o_GND_5_o_OR_44_o|   0.000|
            |    4.928(F)|      SLOW  |   -1.658(F)|      FAST  |GND_5_o_GND_5_o_OR_45_o|   0.000|
B<13>       |    1.671(F)|      SLOW  |    1.015(F)|      SLOW  |GND_5_o_GND_5_o_OR_44_o|   0.000|
            |    5.013(F)|      SLOW  |   -1.716(F)|      FAST  |GND_5_o_GND_5_o_OR_45_o|   0.000|
B<14>       |    0.896(F)|      SLOW  |    1.194(F)|      SLOW  |GND_5_o_GND_5_o_OR_44_o|   0.000|
            |    5.135(F)|      SLOW  |   -1.784(F)|      FAST  |GND_5_o_GND_5_o_OR_45_o|   0.000|
B<15>       |    1.345(F)|      SLOW  |    0.986(F)|      SLOW  |GND_5_o_GND_5_o_OR_44_o|   0.000|
            |    5.493(F)|      SLOW  |   -2.071(F)|      FAST  |GND_5_o_GND_5_o_OR_45_o|   0.000|
------------+------------+------------+------------+------------+-----------------------+--------+

Setup/Hold to clock OP<1>
------------+------------+------------+------------+------------+-----------------------+--------+
            |Max Setup to|  Process   |Max Hold to |  Process   |                       | Clock  |
Source      | clk (edge) |   Corner   | clk (edge) |   Corner   |Internal Clock(s)      | Phase  |
------------+------------+------------+------------+------------+-----------------------+--------+
A<0>        |    0.837(F)|      SLOW  |    1.620(F)|      SLOW  |GND_5_o_GND_5_o_OR_44_o|   0.000|
            |    5.369(F)|      SLOW  |   -1.734(F)|      FAST  |GND_5_o_GND_5_o_OR_45_o|   0.000|
A<1>        |    0.568(F)|      SLOW  |    1.534(F)|      SLOW  |GND_5_o_GND_5_o_OR_44_o|   0.000|
            |    5.369(F)|      SLOW  |   -1.733(F)|      FAST  |GND_5_o_GND_5_o_OR_45_o|   0.000|
A<2>        |    0.839(F)|      SLOW  |    1.877(F)|      SLOW  |GND_5_o_GND_5_o_OR_44_o|   0.000|
            |    5.378(F)|      SLOW  |   -1.699(F)|      FAST  |GND_5_o_GND_5_o_OR_45_o|   0.000|
A<3>        |    0.410(F)|      SLOW  |    1.609(F)|      SLOW  |GND_5_o_GND_5_o_OR_44_o|   0.000|
            |    5.252(F)|      SLOW  |   -1.636(F)|      FAST  |GND_5_o_GND_5_o_OR_45_o|   0.000|
A<4>        |    0.618(F)|      SLOW  |    1.416(F)|      SLOW  |GND_5_o_GND_5_o_OR_44_o|   0.000|
            |    5.380(F)|      SLOW  |   -1.755(F)|      FAST  |GND_5_o_GND_5_o_OR_45_o|   0.000|
A<5>        |    0.814(F)|      SLOW  |    1.339(F)|      SLOW  |GND_5_o_GND_5_o_OR_44_o|   0.000|
            |    5.319(F)|      SLOW  |   -1.695(F)|      FAST  |GND_5_o_GND_5_o_OR_45_o|   0.000|
A<6>        |    0.541(F)|      SLOW  |    1.386(F)|      SLOW  |GND_5_o_GND_5_o_OR_44_o|   0.000|
            |    5.285(F)|      SLOW  |   -1.668(F)|      FAST  |GND_5_o_GND_5_o_OR_45_o|   0.000|
A<7>        |    0.166(F)|      SLOW  |    1.816(F)|      SLOW  |GND_5_o_GND_5_o_OR_44_o|   0.000|
            |    5.203(F)|      SLOW  |   -1.604(F)|      FAST  |GND_5_o_GND_5_o_OR_45_o|   0.000|
A<8>        |    0.528(F)|      SLOW  |    1.219(F)|      SLOW  |GND_5_o_GND_5_o_OR_44_o|   0.000|
            |    5.194(F)|      SLOW  |   -1.594(F)|      FAST  |GND_5_o_GND_5_o_OR_45_o|   0.000|
A<9>        |    0.331(F)|      SLOW  |    1.567(F)|      SLOW  |GND_5_o_GND_5_o_OR_44_o|   0.000|
            |    5.078(F)|      SLOW  |   -1.520(F)|      FAST  |GND_5_o_GND_5_o_OR_45_o|   0.000|
A<10>       |    0.395(F)|      SLOW  |    1.528(F)|      SLOW  |GND_5_o_GND_5_o_OR_44_o|   0.000|
            |    5.155(F)|      SLOW  |   -1.632(F)|      FAST  |GND_5_o_GND_5_o_OR_45_o|   0.000|
A<11>       |    0.445(F)|      SLOW  |    1.191(F)|      SLOW  |GND_5_o_GND_5_o_OR_44_o|   0.000|
            |    5.390(F)|      SLOW  |   -1.754(F)|      FAST  |GND_5_o_GND_5_o_OR_45_o|   0.000|
A<12>       |    0.550(F)|      SLOW  |    1.193(F)|      SLOW  |GND_5_o_GND_5_o_OR_44_o|   0.000|
            |    5.141(F)|      SLOW  |   -1.585(F)|      FAST  |GND_5_o_GND_5_o_OR_45_o|   0.000|
A<13>       |    0.442(F)|      SLOW  |    1.048(F)|      SLOW  |GND_5_o_GND_5_o_OR_44_o|   0.000|
            |    5.237(F)|      SLOW  |   -1.690(F)|      FAST  |GND_5_o_GND_5_o_OR_45_o|   0.000|
A<14>       |    0.649(F)|      SLOW  |    1.634(F)|      SLOW  |GND_5_o_GND_5_o_OR_44_o|   0.000|
            |    5.256(F)|      SLOW  |   -1.662(F)|      FAST  |GND_5_o_GND_5_o_OR_45_o|   0.000|
A<15>       |    0.685(F)|      SLOW  |    1.324(F)|      SLOW  |GND_5_o_GND_5_o_OR_44_o|   0.000|
            |    5.210(F)|      SLOW  |   -1.635(F)|      FAST  |GND_5_o_GND_5_o_OR_45_o|   0.000|
B<0>        |    0.226(F)|      SLOW  |    1.880(F)|      SLOW  |GND_5_o_GND_5_o_OR_44_o|   0.000|
            |    4.668(F)|      SLOW  |   -1.410(F)|      FAST  |GND_5_o_GND_5_o_OR_45_o|   0.000|
B<1>        |    0.279(F)|      SLOW  |    2.099(F)|      SLOW  |GND_5_o_GND_5_o_OR_44_o|   0.000|
            |    4.627(F)|      SLOW  |   -1.391(F)|      FAST  |GND_5_o_GND_5_o_OR_45_o|   0.000|
B<2>        |    0.821(F)|      SLOW  |    1.946(F)|      SLOW  |GND_5_o_GND_5_o_OR_44_o|   0.000|
            |    4.823(F)|      SLOW  |   -1.537(F)|      FAST  |GND_5_o_GND_5_o_OR_45_o|   0.000|
B<3>        |    0.510(F)|      SLOW  |    2.029(F)|      SLOW  |GND_5_o_GND_5_o_OR_44_o|   0.000|
            |    4.747(F)|      SLOW  |   -1.470(F)|      FAST  |GND_5_o_GND_5_o_OR_45_o|   0.000|
B<4>        |    0.985(F)|      SLOW  |    1.699(F)|      SLOW  |GND_5_o_GND_5_o_OR_44_o|   0.000|
            |    4.561(F)|      SLOW  |   -1.347(F)|      FAST  |GND_5_o_GND_5_o_OR_45_o|   0.000|
B<5>        |    0.320(F)|      SLOW  |    1.816(F)|      SLOW  |GND_5_o_GND_5_o_OR_44_o|   0.000|
            |    4.545(F)|      SLOW  |   -1.316(F)|      FAST  |GND_5_o_GND_5_o_OR_45_o|   0.000|
B<6>        |    1.089(F)|      SLOW  |    1.639(F)|      SLOW  |GND_5_o_GND_5_o_OR_44_o|   0.000|
            |    5.162(F)|      SLOW  |   -1.787(F)|      FAST  |GND_5_o_GND_5_o_OR_45_o|   0.000|
B<7>        |    0.854(F)|      SLOW  |    1.451(F)|      SLOW  |GND_5_o_GND_5_o_OR_44_o|   0.000|
            |    4.948(F)|      SLOW  |   -1.652(F)|      FAST  |GND_5_o_GND_5_o_OR_45_o|   0.000|
B<8>        |    0.797(F)|      SLOW  |    1.275(F)|      SLOW  |GND_5_o_GND_5_o_OR_44_o|   0.000|
            |    5.031(F)|      SLOW  |   -1.695(F)|      FAST  |GND_5_o_GND_5_o_OR_45_o|   0.000|
B<9>        |    1.379(F)|      SLOW  |    1.006(F)|      SLOW  |GND_5_o_GND_5_o_OR_44_o|   0.000|
            |    4.796(F)|      SLOW  |   -1.509(F)|      FAST  |GND_5_o_GND_5_o_OR_45_o|   0.000|
B<10>       |    0.955(F)|      SLOW  |    0.941(F)|      SLOW  |GND_5_o_GND_5_o_OR_44_o|   0.000|
            |    5.524(F)|      SLOW  |   -1.997(F)|      FAST  |GND_5_o_GND_5_o_OR_45_o|   0.000|
B<11>       |    1.264(F)|      SLOW  |    1.301(F)|      SLOW  |GND_5_o_GND_5_o_OR_44_o|   0.000|
            |    5.304(F)|      SLOW  |   -1.858(F)|      FAST  |GND_5_o_GND_5_o_OR_45_o|   0.000|
B<12>       |    1.197(F)|      SLOW  |    1.133(F)|      SLOW  |GND_5_o_GND_5_o_OR_44_o|   0.000|
            |    4.864(F)|      SLOW  |   -1.555(F)|      FAST  |GND_5_o_GND_5_o_OR_45_o|   0.000|
B<13>       |    1.607(F)|      SLOW  |    1.082(F)|      SLOW  |GND_5_o_GND_5_o_OR_44_o|   0.000|
            |    4.949(F)|      SLOW  |   -1.613(F)|      FAST  |GND_5_o_GND_5_o_OR_45_o|   0.000|
B<14>       |    0.832(F)|      SLOW  |    1.261(F)|      SLOW  |GND_5_o_GND_5_o_OR_44_o|   0.000|
            |    5.071(F)|      SLOW  |   -1.681(F)|      FAST  |GND_5_o_GND_5_o_OR_45_o|   0.000|
B<15>       |    1.281(F)|      SLOW  |    1.053(F)|      SLOW  |GND_5_o_GND_5_o_OR_44_o|   0.000|
            |    5.429(F)|      SLOW  |   -1.968(F)|      FAST  |GND_5_o_GND_5_o_OR_45_o|   0.000|
------------+------------+------------+------------+------------+-----------------------+--------+

Setup/Hold to clock OP<2>
------------+------------+------------+------------+------------+-----------------------+--------+
            |Max Setup to|  Process   |Max Hold to |  Process   |                       | Clock  |
Source      | clk (edge) |   Corner   | clk (edge) |   Corner   |Internal Clock(s)      | Phase  |
------------+------------+------------+------------+------------+-----------------------+--------+
A<0>        |    0.838(F)|      SLOW  |    1.620(F)|      SLOW  |GND_5_o_GND_5_o_OR_44_o|   0.000|
            |    5.370(F)|      SLOW  |   -1.810(F)|      FAST  |GND_5_o_GND_5_o_OR_45_o|   0.000|
A<1>        |    0.569(F)|      SLOW  |    1.534(F)|      SLOW  |GND_5_o_GND_5_o_OR_44_o|   0.000|
            |    5.370(F)|      SLOW  |   -1.809(F)|      FAST  |GND_5_o_GND_5_o_OR_45_o|   0.000|
A<2>        |    0.840(F)|      SLOW  |    1.877(F)|      SLOW  |GND_5_o_GND_5_o_OR_44_o|   0.000|
            |    5.379(F)|      SLOW  |   -1.775(F)|      FAST  |GND_5_o_GND_5_o_OR_45_o|   0.000|
A<3>        |    0.411(F)|      SLOW  |    1.609(F)|      SLOW  |GND_5_o_GND_5_o_OR_44_o|   0.000|
            |    5.253(F)|      SLOW  |   -1.712(F)|      FAST  |GND_5_o_GND_5_o_OR_45_o|   0.000|
A<4>        |    0.619(F)|      SLOW  |    1.416(F)|      SLOW  |GND_5_o_GND_5_o_OR_44_o|   0.000|
            |    5.381(F)|      SLOW  |   -1.831(F)|      FAST  |GND_5_o_GND_5_o_OR_45_o|   0.000|
A<5>        |    0.815(F)|      SLOW  |    1.339(F)|      SLOW  |GND_5_o_GND_5_o_OR_44_o|   0.000|
            |    5.320(F)|      SLOW  |   -1.771(F)|      FAST  |GND_5_o_GND_5_o_OR_45_o|   0.000|
A<6>        |    0.542(F)|      SLOW  |    1.386(F)|      SLOW  |GND_5_o_GND_5_o_OR_44_o|   0.000|
            |    5.286(F)|      SLOW  |   -1.744(F)|      FAST  |GND_5_o_GND_5_o_OR_45_o|   0.000|
A<7>        |    0.167(F)|      SLOW  |    1.816(F)|      SLOW  |GND_5_o_GND_5_o_OR_44_o|   0.000|
            |    5.204(F)|      SLOW  |   -1.680(F)|      FAST  |GND_5_o_GND_5_o_OR_45_o|   0.000|
A<8>        |    0.529(F)|      SLOW  |    1.219(F)|      SLOW  |GND_5_o_GND_5_o_OR_44_o|   0.000|
            |    5.195(F)|      SLOW  |   -1.670(F)|      FAST  |GND_5_o_GND_5_o_OR_45_o|   0.000|
A<9>        |    0.332(F)|      SLOW  |    1.567(F)|      SLOW  |GND_5_o_GND_5_o_OR_44_o|   0.000|
            |    5.079(F)|      SLOW  |   -1.596(F)|      FAST  |GND_5_o_GND_5_o_OR_45_o|   0.000|
A<10>       |    0.396(F)|      SLOW  |    1.528(F)|      SLOW  |GND_5_o_GND_5_o_OR_44_o|   0.000|
            |    5.156(F)|      SLOW  |   -1.708(F)|      FAST  |GND_5_o_GND_5_o_OR_45_o|   0.000|
A<11>       |    0.446(F)|      SLOW  |    1.191(F)|      SLOW  |GND_5_o_GND_5_o_OR_44_o|   0.000|
            |    5.391(F)|      SLOW  |   -1.830(F)|      FAST  |GND_5_o_GND_5_o_OR_45_o|   0.000|
A<12>       |    0.551(F)|      SLOW  |    1.193(F)|      SLOW  |GND_5_o_GND_5_o_OR_44_o|   0.000|
            |    5.142(F)|      SLOW  |   -1.661(F)|      FAST  |GND_5_o_GND_5_o_OR_45_o|   0.000|
A<13>       |    0.443(F)|      SLOW  |    1.048(F)|      SLOW  |GND_5_o_GND_5_o_OR_44_o|   0.000|
            |    5.238(F)|      SLOW  |   -1.766(F)|      FAST  |GND_5_o_GND_5_o_OR_45_o|   0.000|
A<14>       |    0.650(F)|      SLOW  |    1.634(F)|      SLOW  |GND_5_o_GND_5_o_OR_44_o|   0.000|
            |    5.257(F)|      SLOW  |   -1.738(F)|      FAST  |GND_5_o_GND_5_o_OR_45_o|   0.000|
A<15>       |    0.686(F)|      SLOW  |    1.324(F)|      SLOW  |GND_5_o_GND_5_o_OR_44_o|   0.000|
            |    5.211(F)|      SLOW  |   -1.711(F)|      FAST  |GND_5_o_GND_5_o_OR_45_o|   0.000|
B<0>        |    0.227(F)|      SLOW  |    1.880(F)|      SLOW  |GND_5_o_GND_5_o_OR_44_o|   0.000|
            |    4.669(F)|      SLOW  |   -1.486(F)|      FAST  |GND_5_o_GND_5_o_OR_45_o|   0.000|
B<1>        |    0.280(F)|      SLOW  |    2.099(F)|      SLOW  |GND_5_o_GND_5_o_OR_44_o|   0.000|
            |    4.628(F)|      SLOW  |   -1.467(F)|      FAST  |GND_5_o_GND_5_o_OR_45_o|   0.000|
B<2>        |    0.822(F)|      SLOW  |    1.946(F)|      SLOW  |GND_5_o_GND_5_o_OR_44_o|   0.000|
            |    4.824(F)|      SLOW  |   -1.613(F)|      FAST  |GND_5_o_GND_5_o_OR_45_o|   0.000|
B<3>        |    0.511(F)|      SLOW  |    2.029(F)|      SLOW  |GND_5_o_GND_5_o_OR_44_o|   0.000|
            |    4.748(F)|      SLOW  |   -1.546(F)|      FAST  |GND_5_o_GND_5_o_OR_45_o|   0.000|
B<4>        |    0.986(F)|      SLOW  |    1.699(F)|      SLOW  |GND_5_o_GND_5_o_OR_44_o|   0.000|
            |    4.562(F)|      SLOW  |   -1.423(F)|      FAST  |GND_5_o_GND_5_o_OR_45_o|   0.000|
B<5>        |    0.321(F)|      SLOW  |    1.816(F)|      SLOW  |GND_5_o_GND_5_o_OR_44_o|   0.000|
            |    4.546(F)|      SLOW  |   -1.392(F)|      FAST  |GND_5_o_GND_5_o_OR_45_o|   0.000|
B<6>        |    1.090(F)|      SLOW  |    1.639(F)|      SLOW  |GND_5_o_GND_5_o_OR_44_o|   0.000|
            |    5.163(F)|      SLOW  |   -1.863(F)|      FAST  |GND_5_o_GND_5_o_OR_45_o|   0.000|
B<7>        |    0.855(F)|      SLOW  |    1.451(F)|      SLOW  |GND_5_o_GND_5_o_OR_44_o|   0.000|
            |    4.949(F)|      SLOW  |   -1.728(F)|      FAST  |GND_5_o_GND_5_o_OR_45_o|   0.000|
B<8>        |    0.798(F)|      SLOW  |    1.275(F)|      SLOW  |GND_5_o_GND_5_o_OR_44_o|   0.000|
            |    5.032(F)|      SLOW  |   -1.771(F)|      FAST  |GND_5_o_GND_5_o_OR_45_o|   0.000|
B<9>        |    1.380(F)|      SLOW  |    1.006(F)|      SLOW  |GND_5_o_GND_5_o_OR_44_o|   0.000|
            |    4.797(F)|      SLOW  |   -1.585(F)|      FAST  |GND_5_o_GND_5_o_OR_45_o|   0.000|
B<10>       |    0.956(F)|      SLOW  |    0.941(F)|      SLOW  |GND_5_o_GND_5_o_OR_44_o|   0.000|
            |    5.525(F)|      SLOW  |   -2.073(F)|      FAST  |GND_5_o_GND_5_o_OR_45_o|   0.000|
B<11>       |    1.265(F)|      SLOW  |    1.301(F)|      SLOW  |GND_5_o_GND_5_o_OR_44_o|   0.000|
            |    5.305(F)|      SLOW  |   -1.934(F)|      FAST  |GND_5_o_GND_5_o_OR_45_o|   0.000|
B<12>       |    1.198(F)|      SLOW  |    1.133(F)|      SLOW  |GND_5_o_GND_5_o_OR_44_o|   0.000|
            |    4.865(F)|      SLOW  |   -1.631(F)|      FAST  |GND_5_o_GND_5_o_OR_45_o|   0.000|
B<13>       |    1.608(F)|      SLOW  |    1.082(F)|      SLOW  |GND_5_o_GND_5_o_OR_44_o|   0.000|
            |    4.950(F)|      SLOW  |   -1.689(F)|      FAST  |GND_5_o_GND_5_o_OR_45_o|   0.000|
B<14>       |    0.833(F)|      SLOW  |    1.261(F)|      SLOW  |GND_5_o_GND_5_o_OR_44_o|   0.000|
            |    5.072(F)|      SLOW  |   -1.757(F)|      FAST  |GND_5_o_GND_5_o_OR_45_o|   0.000|
B<15>       |    1.282(F)|      SLOW  |    1.053(F)|      SLOW  |GND_5_o_GND_5_o_OR_44_o|   0.000|
            |    5.430(F)|      SLOW  |   -2.044(F)|      FAST  |GND_5_o_GND_5_o_OR_45_o|   0.000|
------------+------------+------------+------------+------------+-----------------------+--------+

Setup/Hold to clock OP<3>
------------+------------+------------+------------+------------+-----------------------+--------+
            |Max Setup to|  Process   |Max Hold to |  Process   |                       | Clock  |
Source      | clk (edge) |   Corner   | clk (edge) |   Corner   |Internal Clock(s)      | Phase  |
------------+------------+------------+------------+------------+-----------------------+--------+
A<0>        |    0.953(F)|      SLOW  |    1.496(F)|      SLOW  |GND_5_o_GND_5_o_OR_44_o|   0.000|
            |    5.485(F)|      SLOW  |   -1.820(F)|      FAST  |GND_5_o_GND_5_o_OR_45_o|   0.000|
A<1>        |    0.684(F)|      SLOW  |    1.410(F)|      SLOW  |GND_5_o_GND_5_o_OR_44_o|   0.000|
            |    5.485(F)|      SLOW  |   -1.819(F)|      FAST  |GND_5_o_GND_5_o_OR_45_o|   0.000|
A<2>        |    0.955(F)|      SLOW  |    1.753(F)|      SLOW  |GND_5_o_GND_5_o_OR_44_o|   0.000|
            |    5.494(F)|      SLOW  |   -1.785(F)|      FAST  |GND_5_o_GND_5_o_OR_45_o|   0.000|
A<3>        |    0.526(F)|      SLOW  |    1.485(F)|      SLOW  |GND_5_o_GND_5_o_OR_44_o|   0.000|
            |    5.368(F)|      SLOW  |   -1.722(F)|      FAST  |GND_5_o_GND_5_o_OR_45_o|   0.000|
A<4>        |    0.734(F)|      SLOW  |    1.292(F)|      SLOW  |GND_5_o_GND_5_o_OR_44_o|   0.000|
            |    5.496(F)|      SLOW  |   -1.841(F)|      FAST  |GND_5_o_GND_5_o_OR_45_o|   0.000|
A<5>        |    0.930(F)|      SLOW  |    1.215(F)|      SLOW  |GND_5_o_GND_5_o_OR_44_o|   0.000|
            |    5.435(F)|      SLOW  |   -1.781(F)|      FAST  |GND_5_o_GND_5_o_OR_45_o|   0.000|
A<6>        |    0.657(F)|      SLOW  |    1.262(F)|      SLOW  |GND_5_o_GND_5_o_OR_44_o|   0.000|
            |    5.401(F)|      SLOW  |   -1.754(F)|      FAST  |GND_5_o_GND_5_o_OR_45_o|   0.000|
A<7>        |    0.282(F)|      SLOW  |    1.692(F)|      SLOW  |GND_5_o_GND_5_o_OR_44_o|   0.000|
            |    5.319(F)|      SLOW  |   -1.690(F)|      FAST  |GND_5_o_GND_5_o_OR_45_o|   0.000|
A<8>        |    0.644(F)|      SLOW  |    1.095(F)|      SLOW  |GND_5_o_GND_5_o_OR_44_o|   0.000|
            |    5.310(F)|      SLOW  |   -1.680(F)|      FAST  |GND_5_o_GND_5_o_OR_45_o|   0.000|
A<9>        |    0.447(F)|      SLOW  |    1.443(F)|      SLOW  |GND_5_o_GND_5_o_OR_44_o|   0.000|
            |    5.194(F)|      SLOW  |   -1.606(F)|      FAST  |GND_5_o_GND_5_o_OR_45_o|   0.000|
A<10>       |    0.511(F)|      SLOW  |    1.404(F)|      SLOW  |GND_5_o_GND_5_o_OR_44_o|   0.000|
            |    5.271(F)|      SLOW  |   -1.718(F)|      FAST  |GND_5_o_GND_5_o_OR_45_o|   0.000|
A<11>       |    0.561(F)|      SLOW  |    1.067(F)|      SLOW  |GND_5_o_GND_5_o_OR_44_o|   0.000|
            |    5.506(F)|      SLOW  |   -1.840(F)|      FAST  |GND_5_o_GND_5_o_OR_45_o|   0.000|
A<12>       |    0.666(F)|      SLOW  |    1.069(F)|      SLOW  |GND_5_o_GND_5_o_OR_44_o|   0.000|
            |    5.257(F)|      SLOW  |   -1.671(F)|      FAST  |GND_5_o_GND_5_o_OR_45_o|   0.000|
A<13>       |    0.558(F)|      SLOW  |    0.924(F)|      SLOW  |GND_5_o_GND_5_o_OR_44_o|   0.000|
            |    5.353(F)|      SLOW  |   -1.776(F)|      FAST  |GND_5_o_GND_5_o_OR_45_o|   0.000|
A<14>       |    0.765(F)|      SLOW  |    1.510(F)|      SLOW  |GND_5_o_GND_5_o_OR_44_o|   0.000|
            |    5.372(F)|      SLOW  |   -1.748(F)|      FAST  |GND_5_o_GND_5_o_OR_45_o|   0.000|
A<15>       |    0.801(F)|      SLOW  |    1.200(F)|      SLOW  |GND_5_o_GND_5_o_OR_44_o|   0.000|
            |    5.326(F)|      SLOW  |   -1.721(F)|      FAST  |GND_5_o_GND_5_o_OR_45_o|   0.000|
B<0>        |    0.342(F)|      SLOW  |    1.756(F)|      SLOW  |GND_5_o_GND_5_o_OR_44_o|   0.000|
            |    4.784(F)|      SLOW  |   -1.496(F)|      FAST  |GND_5_o_GND_5_o_OR_45_o|   0.000|
B<1>        |    0.395(F)|      SLOW  |    1.975(F)|      SLOW  |GND_5_o_GND_5_o_OR_44_o|   0.000|
            |    4.743(F)|      SLOW  |   -1.477(F)|      FAST  |GND_5_o_GND_5_o_OR_45_o|   0.000|
B<2>        |    0.937(F)|      SLOW  |    1.822(F)|      SLOW  |GND_5_o_GND_5_o_OR_44_o|   0.000|
            |    4.939(F)|      SLOW  |   -1.623(F)|      FAST  |GND_5_o_GND_5_o_OR_45_o|   0.000|
B<3>        |    0.626(F)|      SLOW  |    1.905(F)|      SLOW  |GND_5_o_GND_5_o_OR_44_o|   0.000|
            |    4.863(F)|      SLOW  |   -1.556(F)|      FAST  |GND_5_o_GND_5_o_OR_45_o|   0.000|
B<4>        |    1.101(F)|      SLOW  |    1.575(F)|      SLOW  |GND_5_o_GND_5_o_OR_44_o|   0.000|
            |    4.677(F)|      SLOW  |   -1.433(F)|      FAST  |GND_5_o_GND_5_o_OR_45_o|   0.000|
B<5>        |    0.436(F)|      SLOW  |    1.692(F)|      SLOW  |GND_5_o_GND_5_o_OR_44_o|   0.000|
            |    4.661(F)|      SLOW  |   -1.402(F)|      FAST  |GND_5_o_GND_5_o_OR_45_o|   0.000|
B<6>        |    1.205(F)|      SLOW  |    1.515(F)|      SLOW  |GND_5_o_GND_5_o_OR_44_o|   0.000|
            |    5.278(F)|      SLOW  |   -1.873(F)|      FAST  |GND_5_o_GND_5_o_OR_45_o|   0.000|
B<7>        |    0.970(F)|      SLOW  |    1.327(F)|      SLOW  |GND_5_o_GND_5_o_OR_44_o|   0.000|
            |    5.064(F)|      SLOW  |   -1.738(F)|      FAST  |GND_5_o_GND_5_o_OR_45_o|   0.000|
B<8>        |    0.913(F)|      SLOW  |    1.151(F)|      SLOW  |GND_5_o_GND_5_o_OR_44_o|   0.000|
            |    5.147(F)|      SLOW  |   -1.781(F)|      FAST  |GND_5_o_GND_5_o_OR_45_o|   0.000|
B<9>        |    1.495(F)|      SLOW  |    0.882(F)|      SLOW  |GND_5_o_GND_5_o_OR_44_o|   0.000|
            |    4.912(F)|      SLOW  |   -1.595(F)|      FAST  |GND_5_o_GND_5_o_OR_45_o|   0.000|
B<10>       |    1.071(F)|      SLOW  |    0.817(F)|      SLOW  |GND_5_o_GND_5_o_OR_44_o|   0.000|
            |    5.640(F)|      SLOW  |   -2.083(F)|      FAST  |GND_5_o_GND_5_o_OR_45_o|   0.000|
B<11>       |    1.380(F)|      SLOW  |    1.177(F)|      SLOW  |GND_5_o_GND_5_o_OR_44_o|   0.000|
            |    5.420(F)|      SLOW  |   -1.944(F)|      FAST  |GND_5_o_GND_5_o_OR_45_o|   0.000|
B<12>       |    1.313(F)|      SLOW  |    1.009(F)|      SLOW  |GND_5_o_GND_5_o_OR_44_o|   0.000|
            |    4.980(F)|      SLOW  |   -1.641(F)|      FAST  |GND_5_o_GND_5_o_OR_45_o|   0.000|
B<13>       |    1.723(F)|      SLOW  |    0.958(F)|      SLOW  |GND_5_o_GND_5_o_OR_44_o|   0.000|
            |    5.065(F)|      SLOW  |   -1.699(F)|      FAST  |GND_5_o_GND_5_o_OR_45_o|   0.000|
B<14>       |    0.948(F)|      SLOW  |    1.137(F)|      SLOW  |GND_5_o_GND_5_o_OR_44_o|   0.000|
            |    5.187(F)|      SLOW  |   -1.767(F)|      FAST  |GND_5_o_GND_5_o_OR_45_o|   0.000|
B<15>       |    1.397(F)|      SLOW  |    0.929(F)|      SLOW  |GND_5_o_GND_5_o_OR_44_o|   0.000|
            |    5.545(F)|      SLOW  |   -2.054(F)|      FAST  |GND_5_o_GND_5_o_OR_45_o|   0.000|
------------+------------+------------+------------+------------+-----------------------+--------+

Clock OP<0> to Pad
------------+-----------------+------------+-----------------+------------+-----------------------+--------+
            |Max (slowest) clk|  Process   |Min (fastest) clk|  Process   |                       | Clock  |
Destination |  (edge) to PAD  |   Corner   |  (edge) to PAD  |   Corner   |Internal Clock(s)      | Phase  |
------------+-----------------+------------+-----------------+------------+-----------------------+--------+
C           |         9.092(F)|      SLOW  |         5.323(F)|      FAST  |GND_5_o_GND_5_o_OR_44_o|   0.000|
N           |        11.291(F)|      SLOW  |         6.704(F)|      FAST  |GND_5_o_GND_5_o_OR_44_o|   0.000|
O           |        10.943(F)|      SLOW  |         5.914(F)|      FAST  |GND_5_o_GND_5_o_OR_44_o|   0.000|
S<0>        |         7.237(F)|      SLOW  |         3.988(F)|      FAST  |GND_5_o_GND_5_o_OR_45_o|   0.000|
S<1>        |         6.975(F)|      SLOW  |         3.819(F)|      FAST  |GND_5_o_GND_5_o_OR_45_o|   0.000|
S<2>        |         7.594(F)|      SLOW  |         4.205(F)|      FAST  |GND_5_o_GND_5_o_OR_45_o|   0.000|
S<3>        |         7.237(F)|      SLOW  |         3.988(F)|      FAST  |GND_5_o_GND_5_o_OR_45_o|   0.000|
S<4>        |         7.643(F)|      SLOW  |         4.223(F)|      FAST  |GND_5_o_GND_5_o_OR_45_o|   0.000|
S<5>        |         7.594(F)|      SLOW  |         4.205(F)|      FAST  |GND_5_o_GND_5_o_OR_45_o|   0.000|
S<6>        |         7.860(F)|      SLOW  |         4.423(F)|      FAST  |GND_5_o_GND_5_o_OR_45_o|   0.000|
S<7>        |         7.643(F)|      SLOW  |         4.223(F)|      FAST  |GND_5_o_GND_5_o_OR_45_o|   0.000|
S<8>        |         7.921(F)|      SLOW  |         4.392(F)|      FAST  |GND_5_o_GND_5_o_OR_45_o|   0.000|
S<9>        |         7.860(F)|      SLOW  |         4.423(F)|      FAST  |GND_5_o_GND_5_o_OR_45_o|   0.000|
S<10>       |         8.299(F)|      SLOW  |         4.630(F)|      FAST  |GND_5_o_GND_5_o_OR_45_o|   0.000|
S<11>       |         8.299(F)|      SLOW  |         4.630(F)|      FAST  |GND_5_o_GND_5_o_OR_45_o|   0.000|
S<12>       |         8.320(F)|      SLOW  |         4.633(F)|      FAST  |GND_5_o_GND_5_o_OR_45_o|   0.000|
S<13>       |         8.320(F)|      SLOW  |         4.633(F)|      FAST  |GND_5_o_GND_5_o_OR_45_o|   0.000|
S<14>       |         8.491(F)|      SLOW  |         4.740(F)|      FAST  |GND_5_o_GND_5_o_OR_45_o|   0.000|
S<15>       |         8.491(F)|      SLOW  |         4.740(F)|      FAST  |GND_5_o_GND_5_o_OR_45_o|   0.000|
Z           |        11.569(F)|      SLOW  |         5.772(F)|      FAST  |GND_5_o_GND_5_o_OR_44_o|   0.000|
------------+-----------------+------------+-----------------+------------+-----------------------+--------+

Clock OP<1> to Pad
------------+-----------------+------------+-----------------+------------+-----------------------+--------+
            |Max (slowest) clk|  Process   |Min (fastest) clk|  Process   |                       | Clock  |
Destination |  (edge) to PAD  |   Corner   |  (edge) to PAD  |   Corner   |Internal Clock(s)      | Phase  |
------------+-----------------+------------+-----------------+------------+-----------------------+--------+
C           |         9.159(F)|      SLOW  |         5.421(F)|      FAST  |GND_5_o_GND_5_o_OR_44_o|   0.000|
N           |        11.358(F)|      SLOW  |         6.802(F)|      FAST  |GND_5_o_GND_5_o_OR_44_o|   0.000|
O           |        11.010(F)|      SLOW  |         6.012(F)|      FAST  |GND_5_o_GND_5_o_OR_44_o|   0.000|
S<0>        |         7.304(F)|      SLOW  |         4.086(F)|      FAST  |GND_5_o_GND_5_o_OR_45_o|   0.000|
S<1>        |         7.042(F)|      SLOW  |         3.917(F)|      FAST  |GND_5_o_GND_5_o_OR_45_o|   0.000|
S<2>        |         7.661(F)|      SLOW  |         4.303(F)|      FAST  |GND_5_o_GND_5_o_OR_45_o|   0.000|
S<3>        |         7.304(F)|      SLOW  |         4.086(F)|      FAST  |GND_5_o_GND_5_o_OR_45_o|   0.000|
S<4>        |         7.710(F)|      SLOW  |         4.321(F)|      FAST  |GND_5_o_GND_5_o_OR_45_o|   0.000|
S<5>        |         7.661(F)|      SLOW  |         4.303(F)|      FAST  |GND_5_o_GND_5_o_OR_45_o|   0.000|
S<6>        |         7.927(F)|      SLOW  |         4.521(F)|      FAST  |GND_5_o_GND_5_o_OR_45_o|   0.000|
S<7>        |         7.710(F)|      SLOW  |         4.321(F)|      FAST  |GND_5_o_GND_5_o_OR_45_o|   0.000|
S<8>        |         7.988(F)|      SLOW  |         4.490(F)|      FAST  |GND_5_o_GND_5_o_OR_45_o|   0.000|
S<9>        |         7.927(F)|      SLOW  |         4.521(F)|      FAST  |GND_5_o_GND_5_o_OR_45_o|   0.000|
S<10>       |         8.366(F)|      SLOW  |         4.728(F)|      FAST  |GND_5_o_GND_5_o_OR_45_o|   0.000|
S<11>       |         8.366(F)|      SLOW  |         4.728(F)|      FAST  |GND_5_o_GND_5_o_OR_45_o|   0.000|
S<12>       |         8.387(F)|      SLOW  |         4.731(F)|      FAST  |GND_5_o_GND_5_o_OR_45_o|   0.000|
S<13>       |         8.387(F)|      SLOW  |         4.731(F)|      FAST  |GND_5_o_GND_5_o_OR_45_o|   0.000|
S<14>       |         8.558(F)|      SLOW  |         4.838(F)|      FAST  |GND_5_o_GND_5_o_OR_45_o|   0.000|
S<15>       |         8.558(F)|      SLOW  |         4.838(F)|      FAST  |GND_5_o_GND_5_o_OR_45_o|   0.000|
Z           |        11.636(F)|      SLOW  |         5.870(F)|      FAST  |GND_5_o_GND_5_o_OR_44_o|   0.000|
------------+-----------------+------------+-----------------+------------+-----------------------+--------+

Clock OP<2> to Pad
------------+-----------------+------------+-----------------+------------+-----------------------+--------+
            |Max (slowest) clk|  Process   |Min (fastest) clk|  Process   |                       | Clock  |
Destination |  (edge) to PAD  |   Corner   |  (edge) to PAD  |   Corner   |Internal Clock(s)      | Phase  |
------------+-----------------+------------+-----------------+------------+-----------------------+--------+
C           |         9.159(F)|      SLOW  |         5.350(F)|      FAST  |GND_5_o_GND_5_o_OR_44_o|   0.000|
N           |        11.358(F)|      SLOW  |         6.731(F)|      FAST  |GND_5_o_GND_5_o_OR_44_o|   0.000|
O           |        11.010(F)|      SLOW  |         5.941(F)|      FAST  |GND_5_o_GND_5_o_OR_44_o|   0.000|
S<0>        |         7.304(F)|      SLOW  |         4.015(F)|      FAST  |GND_5_o_GND_5_o_OR_45_o|   0.000|
S<1>        |         7.042(F)|      SLOW  |         3.846(F)|      FAST  |GND_5_o_GND_5_o_OR_45_o|   0.000|
S<2>        |         7.661(F)|      SLOW  |         4.232(F)|      FAST  |GND_5_o_GND_5_o_OR_45_o|   0.000|
S<3>        |         7.304(F)|      SLOW  |         4.015(F)|      FAST  |GND_5_o_GND_5_o_OR_45_o|   0.000|
S<4>        |         7.710(F)|      SLOW  |         4.250(F)|      FAST  |GND_5_o_GND_5_o_OR_45_o|   0.000|
S<5>        |         7.661(F)|      SLOW  |         4.232(F)|      FAST  |GND_5_o_GND_5_o_OR_45_o|   0.000|
S<6>        |         7.927(F)|      SLOW  |         4.450(F)|      FAST  |GND_5_o_GND_5_o_OR_45_o|   0.000|
S<7>        |         7.710(F)|      SLOW  |         4.250(F)|      FAST  |GND_5_o_GND_5_o_OR_45_o|   0.000|
S<8>        |         7.988(F)|      SLOW  |         4.419(F)|      FAST  |GND_5_o_GND_5_o_OR_45_o|   0.000|
S<9>        |         7.927(F)|      SLOW  |         4.450(F)|      FAST  |GND_5_o_GND_5_o_OR_45_o|   0.000|
S<10>       |         8.366(F)|      SLOW  |         4.657(F)|      FAST  |GND_5_o_GND_5_o_OR_45_o|   0.000|
S<11>       |         8.366(F)|      SLOW  |         4.657(F)|      FAST  |GND_5_o_GND_5_o_OR_45_o|   0.000|
S<12>       |         8.387(F)|      SLOW  |         4.660(F)|      FAST  |GND_5_o_GND_5_o_OR_45_o|   0.000|
S<13>       |         8.387(F)|      SLOW  |         4.660(F)|      FAST  |GND_5_o_GND_5_o_OR_45_o|   0.000|
S<14>       |         8.558(F)|      SLOW  |         4.767(F)|      FAST  |GND_5_o_GND_5_o_OR_45_o|   0.000|
S<15>       |         8.558(F)|      SLOW  |         4.767(F)|      FAST  |GND_5_o_GND_5_o_OR_45_o|   0.000|
Z           |        11.636(F)|      SLOW  |         5.799(F)|      FAST  |GND_5_o_GND_5_o_OR_44_o|   0.000|
------------+-----------------+------------+-----------------+------------+-----------------------+--------+

Clock OP<3> to Pad
------------+-----------------+------------+-----------------+------------+-----------------------+--------+
            |Max (slowest) clk|  Process   |Min (fastest) clk|  Process   |                       | Clock  |
Destination |  (edge) to PAD  |   Corner   |  (edge) to PAD  |   Corner   |Internal Clock(s)      | Phase  |
------------+-----------------+------------+-----------------+------------+-----------------------+--------+
C           |         9.035(F)|      SLOW  |         5.341(F)|      FAST  |GND_5_o_GND_5_o_OR_44_o|   0.000|
N           |        11.234(F)|      SLOW  |         6.722(F)|      FAST  |GND_5_o_GND_5_o_OR_44_o|   0.000|
O           |        10.886(F)|      SLOW  |         5.932(F)|      FAST  |GND_5_o_GND_5_o_OR_44_o|   0.000|
S<0>        |         7.180(F)|      SLOW  |         4.006(F)|      FAST  |GND_5_o_GND_5_o_OR_45_o|   0.000|
S<1>        |         6.918(F)|      SLOW  |         3.837(F)|      FAST  |GND_5_o_GND_5_o_OR_45_o|   0.000|
S<2>        |         7.537(F)|      SLOW  |         4.223(F)|      FAST  |GND_5_o_GND_5_o_OR_45_o|   0.000|
S<3>        |         7.180(F)|      SLOW  |         4.006(F)|      FAST  |GND_5_o_GND_5_o_OR_45_o|   0.000|
S<4>        |         7.586(F)|      SLOW  |         4.241(F)|      FAST  |GND_5_o_GND_5_o_OR_45_o|   0.000|
S<5>        |         7.537(F)|      SLOW  |         4.223(F)|      FAST  |GND_5_o_GND_5_o_OR_45_o|   0.000|
S<6>        |         7.803(F)|      SLOW  |         4.441(F)|      FAST  |GND_5_o_GND_5_o_OR_45_o|   0.000|
S<7>        |         7.586(F)|      SLOW  |         4.241(F)|      FAST  |GND_5_o_GND_5_o_OR_45_o|   0.000|
S<8>        |         7.864(F)|      SLOW  |         4.410(F)|      FAST  |GND_5_o_GND_5_o_OR_45_o|   0.000|
S<9>        |         7.803(F)|      SLOW  |         4.441(F)|      FAST  |GND_5_o_GND_5_o_OR_45_o|   0.000|
S<10>       |         8.242(F)|      SLOW  |         4.648(F)|      FAST  |GND_5_o_GND_5_o_OR_45_o|   0.000|
S<11>       |         8.242(F)|      SLOW  |         4.648(F)|      FAST  |GND_5_o_GND_5_o_OR_45_o|   0.000|
S<12>       |         8.263(F)|      SLOW  |         4.651(F)|      FAST  |GND_5_o_GND_5_o_OR_45_o|   0.000|
S<13>       |         8.263(F)|      SLOW  |         4.651(F)|      FAST  |GND_5_o_GND_5_o_OR_45_o|   0.000|
S<14>       |         8.434(F)|      SLOW  |         4.758(F)|      FAST  |GND_5_o_GND_5_o_OR_45_o|   0.000|
S<15>       |         8.434(F)|      SLOW  |         4.758(F)|      FAST  |GND_5_o_GND_5_o_OR_45_o|   0.000|
Z           |        11.512(F)|      SLOW  |         5.790(F)|      FAST  |GND_5_o_GND_5_o_OR_44_o|   0.000|
------------+-----------------+------------+-----------------+------------+-----------------------+--------+

Clock to Setup on destination clock OP<0>
---------------+---------+---------+---------+---------+
               | Src:Rise| Src:Fall| Src:Rise| Src:Fall|
Source Clock   |Dest:Rise|Dest:Rise|Dest:Fall|Dest:Fall|
---------------+---------+---------+---------+---------+
OP<0>          |         |         |    1.606|    4.082|
OP<1>          |         |         |    1.260|    4.082|
OP<2>          |         |         |    1.445|    4.082|
OP<3>          |         |         |    1.313|    4.082|
---------------+---------+---------+---------+---------+

Clock to Setup on destination clock OP<1>
---------------+---------+---------+---------+---------+
               | Src:Rise| Src:Fall| Src:Rise| Src:Fall|
Source Clock   |Dest:Rise|Dest:Rise|Dest:Fall|Dest:Fall|
---------------+---------+---------+---------+---------+
OP<0>          |         |         |    1.542|    4.082|
OP<1>          |         |         |    1.196|    4.082|
OP<2>          |         |         |    1.381|    4.082|
OP<3>          |         |         |    1.249|    4.082|
---------------+---------+---------+---------+---------+

Clock to Setup on destination clock OP<2>
---------------+---------+---------+---------+---------+
               | Src:Rise| Src:Fall| Src:Rise| Src:Fall|
Source Clock   |Dest:Rise|Dest:Rise|Dest:Fall|Dest:Fall|
---------------+---------+---------+---------+---------+
OP<0>          |         |         |    1.543|    4.082|
OP<1>          |         |         |    1.197|    4.082|
OP<2>          |         |         |    1.382|    4.082|
OP<3>          |         |         |    1.250|    4.082|
---------------+---------+---------+---------+---------+

Clock to Setup on destination clock OP<3>
---------------+---------+---------+---------+---------+
               | Src:Rise| Src:Fall| Src:Rise| Src:Fall|
Source Clock   |Dest:Rise|Dest:Rise|Dest:Fall|Dest:Fall|
---------------+---------+---------+---------+---------+
OP<0>          |         |         |    1.658|    4.082|
OP<1>          |         |         |    1.312|    4.082|
OP<2>          |         |         |    1.497|    4.082|
OP<3>          |         |         |    1.365|    4.082|
---------------+---------+---------+---------+---------+

Pad to Pad
---------------+---------------+---------+
Source Pad     |Destination Pad|  Delay  |
---------------+---------------+---------+
A<0>           |O              |   13.950|
A<1>           |O              |   13.950|
A<2>           |O              |   13.959|
A<3>           |O              |   13.833|
A<4>           |O              |   13.961|
A<5>           |O              |   13.900|
A<6>           |O              |   13.866|
A<7>           |O              |   13.784|
A<8>           |O              |   13.775|
A<9>           |O              |   13.659|
A<10>          |O              |   13.736|
A<11>          |O              |   13.971|
A<12>          |O              |   13.722|
A<13>          |O              |   13.818|
A<14>          |O              |   13.837|
A<15>          |O              |   13.791|
B<0>           |O              |   13.249|
B<1>           |O              |   13.208|
B<2>           |O              |   13.404|
B<3>           |O              |   13.328|
B<4>           |O              |   13.142|
B<5>           |O              |   13.126|
B<6>           |O              |   13.743|
B<7>           |O              |   13.529|
B<8>           |O              |   13.612|
B<9>           |O              |   13.377|
B<10>          |O              |   14.105|
B<11>          |O              |   13.885|
B<12>          |O              |   13.445|
B<13>          |O              |   13.530|
B<14>          |O              |   13.652|
B<15>          |O              |   14.010|
OP<0>          |C              |    6.297|
OP<0>          |N              |    7.681|
OP<0>          |O              |    8.973|
OP<1>          |C              |    6.281|
OP<1>          |N              |    7.715|
OP<1>          |O              |    8.617|
OP<2>          |C              |    6.699|
OP<2>          |N              |    7.390|
OP<2>          |O              |    7.722|
OP<3>          |C              |    6.615|
OP<3>          |N              |    7.651|
OP<3>          |O              |    8.005|
---------------+---------------+---------+


Analysis completed Fri May 10 09:55:10 2019 
--------------------------------------------------------------------------------

Trace Settings:
-------------------------
Trace Settings 

Peak Memory Usage: 390 MB



